#Nom des champs tels qu'ils doivent apparaitre dans l'application

#TA_TIERS
ID_TIERS=ID_TIERS
CODE_TIERS=CODE TIERS
CODE_COMPTA=CODE COMPTA
COMPTE=COMPTE
NOM_TIERS=NOM
PRENOM_TIERS=PRENOM
SURNOM_TIERS=SURNOM
ACTIF_TIERS=ACTIF
TTC_TIERS=TTC
ID_I_COMMENTAIRE=COMMENTAIRE
ID_I_BANQUE=BANQUE
IP_ACCES=CONNECTION

#TA_T_CIVILITE
ID_T_CIVILITE=ID_T_CIVILITE
CODE_T_CIVILITE=CODE CIVILITE

#TA_T_TIERS
ID_T_TIERS=ID
CODE_T_TIERS=TYPE TIERS
LIBELLE_T_TIERS=LIBELLE
COMPTE_T_TIERS=COMPTE RATTACHE

#TA_ENTREPRISE
ID_ENTREPRISE=ID_ENTREPRISE
CODE_ENTREPRISE=ENTREPRISE
LIBL_ENTREPRISE=LIBELLE LONG
ID_I_RESP_TIERS=RESPONSABLE

#TA_T_ENTITE
ID_T_ENTITE=ID_T_ENTITE
CODE_T_ENTITE=ENTITE
LIBL_T_ENTITE=LIBELLE LONG

#TA_COMMENTAIRE
ID_COMMENTAIRE=ID_COMMENTAIRE
LIBL_COMMENTAIRE=COMMENTAIRE

#TA_BANQUE
ID_BANQUE=ID_BANQUE
CODE_BANQUE=BANQUE
LIBC_BANQUE=LIBELLE COURT
LIBL_BANQUE=LIBELLE LONG

#TA_ADRESSE
ID_ADRESSE=ID_ADRESSE
ADRESSE1_ADRESSE=ADRESSE (1)
ADRESSE2_ADRESSE=ADRESSE (2)
ADRESSE3_ADRESSE=ADRESSE (3)
CODEPOSTAL_ADRESSE=C.P
VILLE_ADRESSE=VILLE
PAYS_ADRESSE=PAYS

#TA_R_ADR
ID_R_ADR=ID_R_ADR

#TA_T_ADR
ID_T_ADR=ID_T_ADR
CODE_T_ADR=TYPE ADRESSE
LIBL_T_ADR=LIBELLE LONG

#TA_R_ADR_T_ADR
ID_R_ADR_T_ADR=ID_R_ADR_T_ADR

#TA_TELEPHONE
ID_TELEPHONE=ID_TELEPHONE
NUMERO_TELEPHONE=NUMERO
POSTE_TELEPHONE=POSTE
ID_I_TIERS=CONTACT

#TA_R_TEL
ID_R_TEL=ID_R_TEL

#TA_T_TEL
ID_T_TEL=ID_T_TEL
CODE_T_TEL=TYPE TELEPHONE
LIBL_T_TEL=LIBELLE LONG

#TA_R_TEL_T_TEL
ID_R_TEL_T_TEL=ID_R_TEL_T_TEL

#TA_EMAIL
ID_EMAIL=ID_EMAIL
ADRESSE_EMAIL=ADRESSE EMAIL

#TA_R_EMAIL
ID_R_EMAIL=ID_R_EMAIL

#TA_WEB
ID_WEB=ID_WEB
ADRESSE_WEB=ADRESSE WEB

#TA_R_WEB
ID_R_WEB=ID_R_WEB


#TA_ARTICLE
ID_ARTICLE=ID_ARTICLE
CODE_ARTICLE=CODE ARTICLE
LIBELLEC_ARTICLE=LIBELLE
LIBELLEL_ARTICLE=DESCRIPTION
NUMCPT_ARTICLE=COMPTE
DIVERS_ARTICLE=DIVERS
COMMENTAIRE_ARTICLE=COMMENTAIRE
STOCK_MIN_ARTICLE=STOCK MINI

#TA_PRIX
ID_PRIX=ID
PRIX_PRIX=PRIX HT
PRIXTTC_PRIX=PRIX TTC
ID_REF_PRIX = REF

#TA_TVA
ID_TVA =ID_TVA
CODE_TVA=CODE TVA
LIBELLE_TVA=LIBELLE
TAUX_TVA =TAUX
NUMCPT_TVA=COMPTE

#TA_FAMILLE
ID_FAMILLE=ID_FAMILLE
CODE_FAMILLE=FAMILLE
LIBC_FAMILLE=LIBELLE
LIBL_FAMILLE=DESCRIPTION

#TA_UNITE
ID_UNITE=ID_UNITE
CODE_UNITE=UNITE
LIBL_UNITE=LIBELLE

#TA_COMPL
ID_COMPL=ID_COMPL
TVA_I_COM_COMPL=Tva intra-com.
SIRET_COMPL=N° SIRET

#TA_REF_PRIX
ID_REF_PRIX=ID_REF_PRIX

#TA_T_TVA
ID_T_TVA=ID_T_TVA
CODE_T_TVA=Exigibilité
LIB_T_TVA=Libellé type d'exigibilité

#TA_L_FACTURE
ID_L_FACTURE=ID_L_FACTURE
ID_FACTURE=ID_FACTURE
ID_T_LIGNE=ID_T_LIGNE
ID_ARTICLE=ID_ARTICLE
NUM_LIGNE_L_FACTURE=N° ligne
LIB_L_FACTURE=LIBELLE
QTE_L_FACTURE=Quantité
U1_L_FACTURE=Unité 1
U2_L_FACTURE =Unité 2
PRIX_U_L_FACTURE=Prix
TAUX_TVA_L_FACTURE=Taux Tva
CODE_TVA_L_FACTURE=Code Tva
CODE_T_TVA_L_FACTURE=Exigibilité Tva
MT_HT_L_FACTURE= Montant HT
MT_TTC_L_FACTURE= Montant TTC
REM_TX_L_FACTURE= Taux Remise
REM_HT_L_FACTURE= Mt Remise
   	

    
#TA_FACTURE
ID_FACTURE = ID_FACTURE
CODE_FACTURE = Code 
DATE_FACTURE = Date
DATE_ECH_FACTURE = Date échéance
DATE_LIV_FACTURE = Date livraison
LIBELLE_FACTURE= Libellé
ID_ADRESSE = ID_ADRESSE
ID_ADRESSE_LIV= ID_ADRESSE_LIV
ID_TIERS= ID_TIERS
ID_T_PAIEMENT = ID_T_PAIEMENT
REGLE_FACTURE = Mt réglé
REM_HT_FACTURE= Remise HT
TX_REM_HT_FACTURE= Taux Remise HT
REM_TTC_FACTURE= Mt Remise TTC
TX_REM_TTC_FACTURE= Taux Remise TTC
NB_E_FACTURE= Nb edition
TTC=Saisie TTC
EXPORT=Export
    
ADRESSE1_ADRESSELIV=ADRESSE (1)
ADRESSE2_ADRESSELIV=ADRESSE (2)
ADRESSE3_ADRESSELIV=ADRESSE (3)
CODEPOSTAL_ADRESSELIV=C.P
VILLE_ADRESSELIV=VILLE
PAYS_ADRESSELIV=PAYS 

MT_TTC_CALC = Mt TTC
MT_HT_CALC = Mt HT
MT_TVA_CALC = Mt TVA
NET_TTC_CALC = Net TTC
NET_HT_CALC = Net HT
NET_TVA_CALC = Net TVA

#TA_C_PAIEMENT
ID_C_PAIEMENT=ID_C_PAIEMENT
CODE_C_PAIEMENT=Code paiement
LIB_C_PAIEMENT=libellé
ID_TIERS=ID_TIERS
ID_T_PAIEMENT=ID_T_PAIEMENT
REPORT_C_PAIEMENT=Report
FIN_MOIS_C_PAIEMENT=Fin de mois

#TA_T_PAIEMENT
ID_T_PAIEMENT=ID_T_PAIEMENT
CODE_T_PAIEMENT=Code
LIB_T_PAIEMENT=Libellé

#TA_MAIL_MAJ
ID_MAIL_MAJ=ID_MAIL_MAJ
SUJET_MAIL_MAJ=SUJET
NOM_SITE_MAIL_MAJ=Nom du site de MAJ
URL_MAIL_MAJ=URL site de MAJ
FAIT_MAIL_MAJ=Fait le
A_FAIRE_MAIL_MAJ=A Faire
FROM_MAIL_MAJ=FROM
DATE_MAIL_MAJ=Date

#TA_INFOS_FACTURE
ID_INFOS_FACTURE=ID_INFOS_FACTURE
ADRESSE1 =ADRESSE 1
ADRESSE2 =ADRESSE 2
ADRESSE3 =ADRESSE 3
CODEPOSTAL =CODE POSTAL
VILLE =VILLE
PAYS =	PAYS	
ADRESSE1_LIV =ADRESSE 1
ADRESSE2_LIV =ADRESSE 2
ADRESSE3_LIV =ADRESSE 3
CODEPOSTAL_LIV =CODE POSTAL
VILLE_LIV =VILLE
PAYS_LIV =PAYS


#TA_INFO_ENTREPRISE
    NOM_INFO_ENTREPRISE=RAISON SOCIALE
    ADRESSE1_INFO_ENTREPRISE=ADRESSE 1
    ADRESSE2_INFO_ENTREPRISE=ADRESSE 2
    ADRESSE3_INFO_ENTREPRISE=ADRESSE 3
    CODEPOSTAL_INFO_ENTREPRISE=CODE POSTAL
    VILLE_INFO_ENTREPRISE=VILLE
    PAYS_INFO_ENTREPRISE=PAYS
    SIRET_INFO_ENTREPRISE=N° SIRET
    CAPITAL_INFO_ENTREPRISE=CAPITAL
    APE_INFO_ENTREPRISE=CODE APE
    TVA_INTRA_INFO_ENTREPRISE=TVA INTRACOMMUNAUTAIRE
    TEL_INFO_ENTREPRISE=TELEPHONE
    FAX_INFO_ENTREPRISE=FAX
    EMAIL_INFO_ENTREPRISE=EMAIL
    WEB_INFO_ENTREPRISE=ADRESSE WEB
    RCS_INFO_ENTREPRISE=RCS
    DATEDEB_INFO_ENTREPRISE=DATE DEBUT
    DATEFIN_INFO_ENTREPRISE=DATE FIN
    CODEXO_INFO_ENTREPRISE=CODE EXERCICE


#TA_R_COMMERCIAL
ID_R_COMMERCIAL =ID_R_COMMERCIAL
COMMERCIAL = COMMERCIAL
ID_TIERS_COM=ID_TIERS_COM
